node_modules/@types/node/web-globals/fetch.d.ts(3,25): error TS2792: Cannot find module 'undici-types'. Did you mean to set the 'moduleResolution' option to 'nodenext', or to add aliases to the 'paths' option?
node_modules/@types/node/worker_threads.d.ts(62,34): error TS2792: Cannot find module 'undici-types'. Did you mean to set the 'moduleResolution' option to 'nodenext', or to add aliases to the 'paths' option?
node_modules/@types/nodemailer/index.d.ts(3,32): error TS2792: Cannot find module './lib/json-transport'. Did you mean to set the 'moduleResolution' option to 'nodenext', or to add aliases to the 'paths' option?
node_modules/@types/nodemailer/index.d.ts(4,23): error TS2792: Cannot find module './lib/mailer'. Did you mean to set the 'moduleResolution' option to 'nodenext', or to add aliases to the 'paths' option?
node_modules/@types/nodemailer/index.d.ts(6,36): error TS2792: Cannot find module './lib/sendmail-transport'. Did you mean to set the 'moduleResolution' option to 'nodenext', or to add aliases to the 'paths' option?
node_modules/@types/nodemailer/index.d.ts(7,31): error TS2792: Cannot find module './lib/ses-transport'. Did you mean to set the 'moduleResolution' option to 'nodenext', or to add aliases to the 'paths' option?
node_modules/@types/nodemailer/index.d.ts(8,27): error TS2792: Cannot find module './lib/smtp-pool'. Did you mean to set the 'moduleResolution' option to 'nodenext', or to add aliases to the 'paths' option?
node_modules/@types/nodemailer/index.d.ts(9,32): error TS2792: Cannot find module './lib/smtp-transport'. Did you mean to set the 'moduleResolution' option to 'nodenext', or to add aliases to the 'paths' option?
node_modules/@types/nodemailer/index.d.ts(10,34): error TS2792: Cannot find module './lib/stream-transport'. Did you mean to set the 'moduleResolution' option to 'nodenext', or to add aliases to the 'paths' option?
node_modules/@types/nodemailer/lib/mailer/mail-message.d.ts(5,23): error TS2792: Cannot find module '.'. Did you mean to set the 'moduleResolution' option to 'nodenext', or to add aliases to the 'paths' option?
node_modules/@types/nodemailer/lib/mailer/mail-message.d.ts(6,27): error TS2792: Cannot find module '../mime-node'. Did you mean to set the 'moduleResolution' option to 'nodenext', or to add aliases to the 'paths' option?
node_modules/@types/pg/index.d.ts(5,26): error TS2792: Cannot find module 'pg-types'. Did you mean to set the 'moduleResolution' option to 'nodenext', or to add aliases to the 'paths' option?
node_modules/@types/pg/index.d.ts(340,21): error TS2792: Cannot find module '.'. Did you mean to set the 'moduleResolution' option to 'nodenext', or to add aliases to the 'paths' option?
node_modules/@types/pg/index.d.ts(344,31): error TS2792: Cannot find module 'pg-protocol'. Did you mean to set the 'moduleResolution' option to 'nodenext', or to add aliases to the 'paths' option?
node_modules/@types/pg/lib/type-overrides.d.ts(1,35): error TS2792: Cannot find module '..'. Did you mean to set the 'moduleResolution' option to 'nodenext', or to add aliases to the 'paths' option?
node_modules/@types/react/index.d.ts(7,22): error TS2792: Cannot find module 'csstype'. Did you mean to set the 'moduleResolution' option to 'nodenext', or to add aliases to the 'paths' option?
node_modules/@types/react/jsx-runtime.d.ts(1,24): error TS2792: Cannot find module './'. Did you mean to set the 'moduleResolution' option to 'nodenext', or to add aliases to the 'paths' option?
node_modules/@types/react/jsx-runtime.d.ts(2,26): error TS2792: Cannot find module './'. Did you mean to set the 'moduleResolution' option to 'nodenext', or to add aliases to the 'paths' option?
node_modules/@types/trusted-types/index.d.ts(1,22): error TS2792: Cannot find module './lib'. Did you mean to set the 'moduleResolution' option to 'nodenext', or to add aliases to the 'paths' option?
src/components/expense-table.tsx(11,8): error TS2792: Cannot find module '@/components/ui/table'. Did you mean to set the 'moduleResolution' option to 'nodenext', or to add aliases to the 'paths' option?
src/components/expense-table.tsx(12,24): error TS2792: Cannot find module '@/components/ui/button'. Did you mean to set the 'moduleResolution' option to 'nodenext', or to add aliases to the 'paths' option?
src/components/expense-table.tsx(13,23): error TS2792: Cannot find module '@/components/ui/input'. Did you mean to set the 'moduleResolution' option to 'nodenext', or to add aliases to the 'paths' option?
src/components/expense-table.tsx(21,8): error TS2792: Cannot find module '@/components/ui/dialog'. Did you mean to set the 'moduleResolution' option to 'nodenext', or to add aliases to the 'paths' option?
src/components/expense-table.tsx(28,8): error TS2792: Cannot find module '@/components/ui/select'. Did you mean to set the 'moduleResolution' option to 'nodenext', or to add aliases to the 'paths' option?
src/components/expense-table.tsx(39,8): error TS2792: Cannot find module '@/components/ui/alert-dialog'. Did you mean to set the 'moduleResolution' option to 'nodenext', or to add aliases to the 'paths' option?
src/components/expense-table.tsx(40,103): error TS2792: Cannot find module 'lucide-react'. Did you mean to set the 'moduleResolution' option to 'nodenext', or to add aliases to the 'paths' option?
src/components/expense-table.tsx(41,26): error TS2792: Cannot find module '@/hooks/use-toast'. Did you mean to set the 'moduleResolution' option to 'nodenext', or to add aliases to the 'paths' option?
src/components/expense-table.tsx(42,24): error TS2792: Cannot find module 'date-fns'. Did you mean to set the 'moduleResolution' option to 'nodenext', or to add aliases to the 'paths' option?
src/components/expense-table.tsx(43,20): error TS2792: Cannot find module '@/lib/utils'. Did you mean to set the 'moduleResolution' option to 'nodenext', or to add aliases to the 'paths' option?
src/components/expense-table.tsx(44,57): error TS2792: Cannot find module '@/components/ui/popover'. Did you mean to set the 'moduleResolution' option to 'nodenext', or to add aliases to the 'paths' option?
src/components/expense-table.tsx(45,26): error TS2792: Cannot find module '@/components/ui/calendar'. Did you mean to set the 'moduleResolution' option to 'nodenext', or to add aliases to the 'paths' option?
src/components/expense-table.tsx(46,61): error TS2792: Cannot find module '@/actions/expenses'. Did you mean to set the 'moduleResolution' option to 'nodenext', or to add aliases to the 'paths' option?
src/components/expense-table.tsx(183,17): error TS2339: Property 'div' does not exist on type 'JSX.IntrinsicElements'.
src/components/expense-table.tsx(184,21): error TS2339: Property 'div' does not exist on type 'JSX.IntrinsicElements'.
src/components/expense-table.tsx(187,33): error TS2339: Property 'iframe' does not exist on type 'JSX.IntrinsicElements'.
src/components/expense-table.tsx(193,33): error TS2339: Property 'img' does not exist on type 'JSX.IntrinsicElements'.
src/components/expense-table.tsx(200,29): error TS2339: Property 'p' does not exist on type 'JSX.IntrinsicElements'.
src/components/expense-table.tsx(200,87): error TS2339: Property 'p' does not exist on type 'JSX.IntrinsicElements'.
src/components/expense-table.tsx(202,21): error TS2339: Property 'div' does not exist on type 'JSX.IntrinsicElements'.
src/components/expense-table.tsx(203,21): error TS2339: Property 'p' does not exist on type 'JSX.IntrinsicElements'.
src/components/expense-table.tsx(204,35): error TS2339: Property 'span' does not exist on type 'JSX.IntrinsicElements'.
src/components/expense-table.tsx(204,86): error TS2339: Property 'span' does not exist on type 'JSX.IntrinsicElements'.
src/components/expense-table.tsx(204,104): error TS2339: Property 'span' does not exist on type 'JSX.IntrinsicElements'.
src/components/expense-table.tsx(204,169): error TS2339: Property 'span' does not exist on type 'JSX.IntrinsicElements'.
src/components/expense-table.tsx(205,21): error TS2339: Property 'p' does not exist on type 'JSX.IntrinsicElements'.
src/components/expense-table.tsx(206,17): error TS2339: Property 'div' does not exist on type 'JSX.IntrinsicElements'.
src/components/expense-table.tsx(242,22): error TS2339: Property 'dataTransfer' does not exist on type 'never'.
src/components/expense-table.tsx(280,9): error TS2339: Property 'div' does not exist on type 'JSX.IntrinsicElements'.
src/components/expense-table.tsx(281,13): error TS2339: Property 'label' does not exist on type 'JSX.IntrinsicElements'.
src/components/expense-table.tsx(281,67): error TS2339: Property 'span' does not exist on type 'JSX.IntrinsicElements'.
src/components/expense-table.tsx(281,110): error TS2339: Property 'span' does not exist on type 'JSX.IntrinsicElements'.
src/components/expense-table.tsx(281,117): error TS2339: Property 'label' does not exist on type 'JSX.IntrinsicElements'.
src/components/expense-table.tsx(283,17): error TS2339: Property 'div' does not exist on type 'JSX.IntrinsicElements'.
src/components/expense-table.tsx(285,25): error TS2339: Property 'div' does not exist on type 'JSX.IntrinsicElements'.
src/components/expense-table.tsx(287,29): error TS2339: Property 'span' does not exist on type 'JSX.IntrinsicElements'.
src/components/expense-table.tsx(287,91): error TS2339: Property 'span' does not exist on type 'JSX.IntrinsicElements'.
src/components/expense-table.tsx(288,25): error TS2339: Property 'div' does not exist on type 'JSX.IntrinsicElements'.
src/components/expense-table.tsx(290,25): error TS2339: Property 'img' does not exist on type 'JSX.IntrinsicElements'.
src/components/expense-table.tsx(296,21): error TS2339: Property 'button' does not exist on type 'JSX.IntrinsicElements'.
src/components/expense-table.tsx(303,21): error TS2339: Property 'button' does not exist on type 'JSX.IntrinsicElements'.
src/components/expense-table.tsx(304,17): error TS2339: Property 'div' does not exist on type 'JSX.IntrinsicElements'.
src/components/expense-table.tsx(306,17): error TS2339: Property 'label' does not exist on type 'JSX.IntrinsicElements'.
src/components/expense-table.tsx(318,21): error TS2339: Property 'div' does not exist on type 'JSX.IntrinsicElements'.
src/components/expense-table.tsx(319,25): error TS2339: Property 'span' does not exist on type 'JSX.IntrinsicElements'.
src/components/expense-table.tsx(321,25): error TS2339: Property 'span' does not exist on type 'JSX.IntrinsicElements'.
src/components/expense-table.tsx(322,25): error TS2339: Property 'span' does not exist on type 'JSX.IntrinsicElements'.
src/components/expense-table.tsx(324,25): error TS2339: Property 'span' does not exist on type 'JSX.IntrinsicElements'.
src/components/expense-table.tsx(325,21): error TS2339: Property 'div' does not exist on type 'JSX.IntrinsicElements'.
src/components/expense-table.tsx(326,21): error TS2339: Property 'input' does not exist on type 'JSX.IntrinsicElements'.
src/components/expense-table.tsx(333,17): error TS2339: Property 'label' does not exist on type 'JSX.IntrinsicElements'.
src/components/expense-table.tsx(335,9): error TS2339: Property 'div' does not exist on type 'JSX.IntrinsicElements'.
src/components/expense-table.tsx(439,9): error TS2339: Property 'div' does not exist on type 'JSX.IntrinsicElements'.
src/components/expense-table.tsx(440,13): error TS2339: Property 'div' does not exist on type 'JSX.IntrinsicElements'.
src/components/expense-table.tsx(441,17): error TS2339: Property 'h3' does not exist on type 'JSX.IntrinsicElements'.
src/components/expense-table.tsx(441,68): error TS2339: Property 'h3' does not exist on type 'JSX.IntrinsicElements'.
src/components/expense-table.tsx(452,25): error TS2339: Property 'form' does not exist on type 'JSX.IntrinsicElements'.
src/components/expense-table.tsx(453,29): error TS2339: Property 'div' does not exist on type 'JSX.IntrinsicElements'.
src/components/expense-table.tsx(454,33): error TS2339: Property 'label' does not exist on type 'JSX.IntrinsicElements'.
src/components/expense-table.tsx(454,77): error TS2339: Property 'label' does not exist on type 'JSX.IntrinsicElements'.
src/components/expense-table.tsx(456,29): error TS2339: Property 'div' does not exist on type 'JSX.IntrinsicElements'.
src/components/expense-table.tsx(457,29): error TS2339: Property 'div' does not exist on type 'JSX.IntrinsicElements'.
src/components/expense-table.tsx(458,33): error TS2339: Property 'label' does not exist on type 'JSX.IntrinsicElements'.
src/components/expense-table.tsx(458,82): error TS2339: Property 'label' does not exist on type 'JSX.IntrinsicElements'.
src/components/expense-table.tsx(460,29): error TS2339: Property 'div' does not exist on type 'JSX.IntrinsicElements'.
src/components/expense-table.tsx(461,29): error TS2339: Property 'div' does not exist on type 'JSX.IntrinsicElements'.
src/components/expense-table.tsx(462,33): error TS2339: Property 'label' does not exist on type 'JSX.IntrinsicElements'.
src/components/expense-table.tsx(462,80): error TS2339: Property 'label' does not exist on type 'JSX.IntrinsicElements'.
src/components/expense-table.tsx(467,29): error TS2339: Property 'div' does not exist on type 'JSX.IntrinsicElements'.
src/components/expense-table.tsx(468,29): error TS2339: Property 'div' does not exist on type 'JSX.IntrinsicElements'.
src/components/expense-table.tsx(469,33): error TS2339: Property 'label' does not exist on type 'JSX.IntrinsicElements'.
src/components/expense-table.tsx(469,76): error TS2339: Property 'label' does not exist on type 'JSX.IntrinsicElements'.
src/components/expense-table.tsx(474,75): error TS2339: Property 'span' does not exist on type 'JSX.IntrinsicElements'.
src/components/expense-table.tsx(474,92): error TS2339: Property 'span' does not exist on type 'JSX.IntrinsicElements'.
src/components/expense-table.tsx(481,29): error TS2339: Property 'div' does not exist on type 'JSX.IntrinsicElements'.
src/components/expense-table.tsx(483,29): error TS2339: Property 'div' does not exist on type 'JSX.IntrinsicElements'.
src/components/expense-table.tsx(484,33): error TS2339: Property 'label' does not exist on type 'JSX.IntrinsicElements'.
src/components/expense-table.tsx(484,77): error TS2339: Property 'span' does not exist on type 'JSX.IntrinsicElements'.
src/components/expense-table.tsx(484,120): error TS2339: Property 'span' does not exist on type 'JSX.IntrinsicElements'.
src/components/expense-table.tsx(484,127): error TS2339: Property 'label' does not exist on type 'JSX.IntrinsicElements'.
src/components/expense-table.tsx(485,33): error TS2339: Property 'textarea' does not exist on type 'JSX.IntrinsicElements'.
src/components/expense-table.tsx(492,29): error TS2339: Property 'div' does not exist on type 'JSX.IntrinsicElements'.
src/components/expense-table.tsx(499,25): error TS2339: Property 'form' does not exist on type 'JSX.IntrinsicElements'.
src/components/expense-table.tsx(508,25): error TS2339: Property 'form' does not exist on type 'JSX.IntrinsicElements'.
src/components/expense-table.tsx(509,29): error TS2339: Property 'div' does not exist on type 'JSX.IntrinsicElements'.
src/components/expense-table.tsx(510,33): error TS2339: Property 'label' does not exist on type 'JSX.IntrinsicElements'.
src/components/expense-table.tsx(510,77): error TS2339: Property 'label' does not exist on type 'JSX.IntrinsicElements'.
src/components/expense-table.tsx(512,29): error TS2339: Property 'div' does not exist on type 'JSX.IntrinsicElements'.
src/components/expense-table.tsx(513,29): error TS2339: Property 'div' does not exist on type 'JSX.IntrinsicElements'.
src/components/expense-table.tsx(514,33): error TS2339: Property 'label' does not exist on type 'JSX.IntrinsicElements'.
src/components/expense-table.tsx(514,82): error TS2339: Property 'label' does not exist on type 'JSX.IntrinsicElements'.
src/components/expense-table.tsx(516,29): error TS2339: Property 'div' does not exist on type 'JSX.IntrinsicElements'.
src/components/expense-table.tsx(517,29): error TS2339: Property 'div' does not exist on type 'JSX.IntrinsicElements'.
src/components/expense-table.tsx(518,33): error TS2339: Property 'label' does not exist on type 'JSX.IntrinsicElements'.
src/components/expense-table.tsx(518,80): error TS2339: Property 'label' does not exist on type 'JSX.IntrinsicElements'.
src/components/expense-table.tsx(523,29): error TS2339: Property 'div' does not exist on type 'JSX.IntrinsicElements'.
src/components/expense-table.tsx(524,29): error TS2339: Property 'div' does not exist on type 'JSX.IntrinsicElements'.
src/components/expense-table.tsx(525,33): error TS2339: Property 'label' does not exist on type 'JSX.IntrinsicElements'.
src/components/expense-table.tsx(525,76): error TS2339: Property 'label' does not exist on type 'JSX.IntrinsicElements'.
src/components/expense-table.tsx(530,75): error TS2339: Property 'span' does not exist on type 'JSX.IntrinsicElements'.
src/components/expense-table.tsx(530,92): error TS2339: Property 'span' does not exist on type 'JSX.IntrinsicElements'.
src/components/expense-table.tsx(537,29): error TS2339: Property 'div' does not exist on type 'JSX.IntrinsicElements'.
src/components/expense-table.tsx(539,29): error TS2339: Property 'div' does not exist on type 'JSX.IntrinsicElements'.
src/components/expense-table.tsx(540,33): error TS2339: Property 'label' does not exist on type 'JSX.IntrinsicElements'.
src/components/expense-table.tsx(540,77): error TS2339: Property 'span' does not exist on type 'JSX.IntrinsicElements'.
src/components/expense-table.tsx(540,120): error TS2339: Property 'span' does not exist on type 'JSX.IntrinsicElements'.
src/components/expense-table.tsx(540,127): error TS2339: Property 'label' does not exist on type 'JSX.IntrinsicElements'.
src/components/expense-table.tsx(541,33): error TS2339: Property 'textarea' does not exist on type 'JSX.IntrinsicElements'.
src/components/expense-table.tsx(548,29): error TS2339: Property 'div' does not exist on type 'JSX.IntrinsicElements'.
src/components/expense-table.tsx(555,25): error TS2339: Property 'form' does not exist on type 'JSX.IntrinsicElements'.
src/components/expense-table.tsx(558,13): error TS2339: Property 'div' does not exist on type 'JSX.IntrinsicElements'.
src/components/expense-table.tsx(560,13): error TS2339: Property 'div' does not exist on type 'JSX.IntrinsicElements'.
src/components/expense-table.tsx(562,17): error TS2339: Property 'div' does not exist on type 'JSX.IntrinsicElements'.
src/components/expense-table.tsx(564,25): error TS2339: Property 'div' does not exist on type 'JSX.IntrinsicElements'.
src/components/expense-table.tsx(566,25): error TS2339: Property 'div' does not exist on type 'JSX.IntrinsicElements'.
src/components/expense-table.tsx(569,29): error TS2339: Property 'div' does not exist on type 'JSX.IntrinsicElements'.
src/components/expense-table.tsx(570,33): error TS2339: Property 'div' does not exist on type 'JSX.IntrinsicElements'.
src/components/expense-table.tsx(571,37): error TS2339: Property 'div' does not exist on type 'JSX.IntrinsicElements'.
src/components/expense-table.tsx(572,41): error TS2339: Property 'p' does not exist on type 'JSX.IntrinsicElements'.
src/components/expense-table.tsx(572,107): error TS2339: Property 'p' does not exist on type 'JSX.IntrinsicElements'.
src/components/expense-table.tsx(573,41): error TS2339: Property 'p' does not exist on type 'JSX.IntrinsicElements'.
src/components/expense-table.tsx(573,134): error TS2339: Property 'p' does not exist on type 'JSX.IntrinsicElements'.
src/components/expense-table.tsx(574,37): error TS2339: Property 'div' does not exist on type 'JSX.IntrinsicElements'.
src/components/expense-table.tsx(575,37): error TS2339: Property 'span' does not exist on type 'JSX.IntrinsicElements'.
src/components/expense-table.tsx(575,134): error TS2339: Property 'span' does not exist on type 'JSX.IntrinsicElements'.
src/components/expense-table.tsx(576,33): error TS2339: Property 'div' does not exist on type 'JSX.IntrinsicElements'.
src/components/expense-table.tsx(577,33): error TS2339: Property 'div' does not exist on type 'JSX.IntrinsicElements'.
src/components/expense-table.tsx(578,37): error TS2339: Property 'span' does not exist on type 'JSX.IntrinsicElements'.
src/components/expense-table.tsx(580,37): error TS2339: Property 'span' does not exist on type 'JSX.IntrinsicElements'.
src/components/expense-table.tsx(582,41): error TS2339: Property 'span' does not exist on type 'JSX.IntrinsicElements'.
src/components/expense-table.tsx(584,41): error TS2339: Property 'span' does not exist on type 'JSX.IntrinsicElements'.
src/components/expense-table.tsx(586,33): error TS2339: Property 'div' does not exist on type 'JSX.IntrinsicElements'.
src/components/expense-table.tsx(587,33): error TS2339: Property 'div' does not exist on type 'JSX.IntrinsicElements'.
src/components/expense-table.tsx(588,37): error TS2339: Property 'div' does not exist on type 'JSX.IntrinsicElements'.
src/components/expense-table.tsx(592,37): error TS2339: Property 'div' does not exist on type 'JSX.IntrinsicElements'.
src/components/expense-table.tsx(593,37): error TS2339: Property 'div' does not exist on type 'JSX.IntrinsicElements'.
src/components/expense-table.tsx(618,37): error TS2339: Property 'div' does not exist on type 'JSX.IntrinsicElements'.
src/components/expense-table.tsx(619,33): error TS2339: Property 'div' does not exist on type 'JSX.IntrinsicElements'.
src/components/expense-table.tsx(620,29): error TS2339: Property 'div' does not exist on type 'JSX.IntrinsicElements'.
src/components/expense-table.tsx(623,17): error TS2339: Property 'div' does not exist on type 'JSX.IntrinsicElements'.
src/components/expense-table.tsx(626,17): error TS2339: Property 'div' does not exist on type 'JSX.IntrinsicElements'.
src/components/expense-table.tsx(656,45): error TS2339: Property 'span' does not exist on type 'JSX.IntrinsicElements'.
src/components/expense-table.tsx(658,45): error TS2339: Property 'span' does not exist on type 'JSX.IntrinsicElements'.
src/components/expense-table.tsx(662,49): error TS2339: Property 'span' does not exist on type 'JSX.IntrinsicElements'.
src/components/expense-table.tsx(662,125): error TS2339: Property 'span' does not exist on type 'JSX.IntrinsicElements'.
src/components/expense-table.tsx(664,49): error TS2339: Property 'span' does not exist on type 'JSX.IntrinsicElements'.
src/components/expense-table.tsx(664,91): error TS2339: Property 'span' does not exist on type 'JSX.IntrinsicElements'.
src/components/expense-table.tsx(674,49): error TS2339: Property 'span' does not exist on type 'JSX.IntrinsicElements'.
src/components/expense-table.tsx(674,91): error TS2339: Property 'span' does not exist on type 'JSX.IntrinsicElements'.
src/components/expense-table.tsx(678,45): error TS2339: Property 'div' does not exist on type 'JSX.IntrinsicElements'.
src/components/expense-table.tsx(703,45): error TS2339: Property 'div' does not exist on type 'JSX.IntrinsicElements'.
src/components/expense-table.tsx(710,17): error TS2339: Property 'div' does not exist on type 'JSX.IntrinsicElements'.
src/components/expense-table.tsx(711,13): error TS2339: Property 'div' does not exist on type 'JSX.IntrinsicElements'.
src/components/expense-table.tsx(712,9): error TS2339: Property 'div' does not exist on type 'JSX.IntrinsicElements'.
